// Jest Snapshot v1, https://goo.gl/fbAQLP

exports[`Loading component tests basic snapshot 1`] = `
<DocumentFragment>
  .c0 .loading-screen {
  position: absolute;
  display: -webkit-box;
  display: -webkit-flex;
  display: -ms-flexbox;
  display: flex;
  -webkit-box-pack: center;
  -webkit-justify-content: center;
  -ms-flex-pack: center;
  justify-content: center;
  -webkit-align-items: center;
  -webkit-box-align: center;
  -ms-flex-align: center;
  align-items: center;
  top: 0;
  bottom: 0;
  left: 0;
  right: 0;
  z-index: 99999;
  background-color: #25262a80;
}

.c0 .loading-screen .loading {
  display: inline-block;
  position: relative;
  width: 80px;
  height: 80px;
}

.c0 .loading-screen .loading div {
  position: absolute;
  border: 4px solid;
  border-color: #f8f9fa;
  opacity: 1;
  border-radius: 50%;
}

.c0 .loading-screen .loading div:nth-child(2) {
  -webkit-animation-delay: -0.5s;
  animation-delay: -0.5s;
}

.c0 .loading div {
  -webkit-animation: dnpXZJ 1s cubic-bezier(0,0.2,0.8,1) infinite;
  animation: dnpXZJ 1s cubic-bezier(0,0.2,0.8,1) infinite;
}

<div
    class="c0"
  >
    <div
      class="loading-screen"
    >
      <div
        class="loading"
      >
        <div />
        <div />
      </div>
    </div>
  </div>
</DocumentFragment>
`;
