// Jest Snapshot v1, https://goo.gl/fbAQLP

exports[`Timeline container tests basic snapshot 1`] = `
<DocumentFragment>
  .c0 {
  display: -webkit-box;
  display: -webkit-flex;
  display: -ms-flexbox;
  display: flex;
  -webkit-flex-direction: column;
  -ms-flex-direction: column;
  flex-direction: column;
  -webkit-box-pack: center;
  -webkit-justify-content: center;
  -ms-flex-pack: center;
  justify-content: center;
  -webkit-align-items: center;
  -webkit-box-align: center;
  -ms-flex-align: center;
  align-items: center;
  margin-top: 24px;
  width: 100%;
}

.c0:focus {
  outline: none;
}

<div
    class="c0"
    width="100%"
  />
</DocumentFragment>
`;
