// Jest Snapshot v1, https://goo.gl/fbAQLP

exports[`Icon component basic snapshot 1`] = `
<DocumentFragment>
  .c0 {
  height: 59px;
  width: 59px;
  border-radius: 50%;
  display: -webkit-box;
  display: -webkit-flex;
  display: -ms-flexbox;
  display: flex;
  -webkit-align-items: center;
  -webkit-box-align: center;
  -ms-flex-align: center;
  align-items: center;
  -webkit-box-pack: center;
  -webkit-justify-content: center;
  -ms-flex-pack: center;
  justify-content: center;
  background-color: #f0f3f7;
  margin-bottom: 10px;
}

.c0 svg {
  height: 25px;
  width: 25px;
  fill: #6b7480;
}

<div
    class="c0"
  />
</DocumentFragment>
`;
